
C:\Projects\AHK>pushd C:\Projects 

C:\Projects>autogit-off-all
On branch initial
Your branch is ahead of 'origin/initial' by 1 commit.
  (use "git push" to publish your local commits)

nothing to commit, working tree clean

C:\Projects>(
cd "AHK"  
 autogit-off-line Offline update all  
 cd .. 
) 

C:\Projects\AHK>git add -A 

C:\Projects\AHK>git commit -am "Offline update all      " 
[main e8b77bd] Offline update all
 1 file changed, 18 deletions(-)

C:\Projects>(
cd "ats-142-public"  
 autogit-off-line Offline update all  
 cd .. 
) 

C:\Projects\ats-142-public>git add -A 

C:\Projects\ats-142-public>git commit -am "Offline update all      " 
On branch 1.44
Your branch is up to date with 'origin/1.44'.

nothing to commit, working tree clean

C:\Projects>(
cd "dotnet"  
 autogit-off-line Offline update all  
 cd .. 
) 

C:\Projects\dotnet>git add -A 

C:\Projects\dotnet>git commit -am "Offline update all      " 
On branch initial
nothing to commit, working tree clean

C:\Projects>(
cd "eve_profiles"  
 autogit-off-line Offline update all  
 cd .. 
) 

C:\Projects\eve_profiles>git add -A 

C:\Projects\eve_profiles>git commit -am "Offline update all      " 
On branch master
Your branch is up to date with 'origin/master'.

nothing to commit, working tree clean

C:\Projects>(
cd "FactoryGame"  
 autogit-off-line Offline update all  
 cd .. 
) 

C:\Projects\FactoryGame>git add -A 

C:\Projects\FactoryGame>git commit -am "Offline update all      " 
On branch initial
nothing to commit, working tree clean

C:\Projects>(
cd "fs22"  
 autogit-off-line Offline update all  
 cd .. 
) 

C:\Projects\fs22>git add -A 

C:\Projects\fs22>git commit -am "Offline update all      " 
On branch master
Your branch is up to date with 'origin/master'.

nothing to commit, working tree clean

C:\Projects>(
cd "Horizons"  
 autogit-off-line Offline update all  
 cd .. 
) 

C:\Projects\Horizons>git add -A 

C:\Projects\Horizons>git commit -am "Offline update all      " 
On branch 20221026
nothing to commit, working tree clean

C:\Projects>(
cd "MM2017"  
 autogit-off-line Offline update all  
 cd .. 
) 

C:\Projects\MM2017>git add -A 

C:\Projects\MM2017>git commit -am "Offline update all      " 
On branch initial
Your branch is up to date with 'origin/initial'.

nothing to commit, working tree clean

C:\Projects>(
cd "POB"  
 autogit-off-line Offline update all  
 cd .. 
) 

C:\Projects\POB>git add -A 

C:\Projects\POB>git commit -am "Offline update all      " 
On branch initial
Your branch is up to date with 'origin/initial'.

nothing to commit, working tree clean

C:\Projects>(
cd "Reshade"  
 autogit-off-line Offline update all  
 cd .. 
) 

C:\Projects\Reshade>git add -A 

C:\Projects\Reshade>git commit -am "Offline update all      " 
On branch initial
Your branch is up to date with 'origin/initial'.

nothing to commit, working tree clean

C:\Projects>(
cd "RimWorlds"  
 autogit-off-line Offline update all  
 cd .. 
) 

C:\Projects\RimWorlds>git add -A 

C:\Projects\RimWorlds>git commit -am "Offline update all      " 
On branch initial
Your branch is ahead of 'origin/initial' by 2 commits.
  (use "git push" to publish your local commits)

nothing to commit, working tree clean

C:\Projects>(
cd "SpaceRangersHD"  
 autogit-off-line Offline update all  
 cd .. 
) 

C:\Projects\SpaceRangersHD>git add -A 

C:\Projects\SpaceRangersHD>git commit -am "Offline update all      " 
On branch current
Your branch is up to date with 'origin/current'.

nothing to commit, working tree clean

C:\Projects>(
cd "Starcom"  
 autogit-off-line Offline update all  
 cd .. 
) 

C:\Projects\Starcom>git add -A 

C:\Projects\Starcom>git commit -am "Offline update all      " 
On branch initial
nothing to commit, working tree clean

C:\Projects>(
cd "SweetTransit"  
 autogit-off-line Offline update all  
 cd .. 
) 

C:\Projects\SweetTransit>git add -A 

C:\Projects\SweetTransit>git commit -am "Offline update all      " 
On branch initial
Your branch is up to date with 'origin/initial'.

nothing to commit, working tree clean

C:\Projects>(
cd "Valheim"  
 autogit-off-line Offline update all  
 cd .. 
) 

C:\Projects\Valheim>git add -A 

C:\Projects\Valheim>git commit -am "Offline update all      " 
On branch initial
nothing to commit, working tree clean
